c3e00010 T _start
c3e00030 t _undefined_instruction
c3e00034 t _software_interrupt
c3e00038 t _prefetch_abort
c3e0003c t _data_abort
c3e00040 t _not_used
c3e00044 t _irq
c3e00048 t _fiq
c3e0004c t _pad
c3e00050 T _end_vect
c3e00050 t _TEXT_BASE
c3e00054 t _TEXT_PHY_BASE
c3e00058 T _armboot_start
c3e0005c T _bss_start
c3e00060 T _bss_end
c3e00064 t reset
c3e00074 t cache_init
c3e00188 t nand_boot
c3e00194 t onenand_boot
c3e0019c t second_mmcsd_boot
c3e001a8 t mmcsd_boot
c3e001c4 t emmc_boot
c3e001e0 t emmc441_boot
c3e00210 t nor_boot
c3e00214 t after_copy
c3e00214 t enable_mmu
c3e00234 t mmu_on
c3e00264 t skip_hw_init
c3e00264 t stack_setup
c3e00268 t clear_bss
c3e00274 t clbss_l
c3e00288 t _start_armboot
c3e0028c t _dmc_density
c3e00290 t _mmu_table_base
c3e00294 T copy_from_nand
c3e002d0 t copy_failed
c3e002d8 t compare_failed
c3e002e0 T theLastJump
c3e002fc t phy_last_jump
c3e00320 t undefined_instruction
c3e00380 t software_interrupt
c3e003e0 t prefetch_abort
c3e00440 t data_abort
c3e004a0 t not_used
c3e00500 t irq
c3e00560 t fiq
c3e005c0 T arm_cache_flush
c3e005e0 T v7_flush_dcache_all
c3e005f8 t Loop1
c3e00638 t Loop2
c3e0063c t Loop3
c3e00658 t Skip
c3e00664 t Finished
c3e00680 T disable_l2cache
c3e006a0 T enable_l2cache
c3e006c0 T set_l2cache_auxctrl
c3e006e0 T set_l2cache_auxctrl_cycle
c3e00700 t CoInvalidateDCacheIndex
c3e00760 T mem_ctrl_asm_init
c3e0098c t v310
c3e00d0c t _TEXT_BASE
c3e00d10 T lowlevel_init
c3e00d88 t v310_1
c3e00dc8 t out
c3e00e04 t wakeup_reset
c3e00e34 t skip_dmc
c3e00e40 t wake_v310
c3e00e4c t exit_wakeup
c3e00e60 t system_clock_init
c3e01168 t v310_2
c3e0116c t wait_div_state1
c3e01180 t wait_mux_state1
c3e01194 t wait_mux_state0
c3e011a8 T uart_asm_init
c3e01214 t onenandcon_init
c3e01214 t wait_orwb
c3e0124c T nand_asm_init
c3e012c8 t tzpc_init
c3e014c4 T ace_hash_sha1_digest
c3e01588 T strcpy
c3e015a4 T strncpy
c3e015cc T strcat
c3e015fc T strncat
c3e01658 T strcmp
c3e01688 T strncmp
c3e016d0 T strchr
c3e016fc T strlen
c3e0171c T strrchr
c3e01754 T strnlen
c3e0177c T strspn
c3e017c0 T strpbrk
c3e017f8 T strtok
c3e01874 T strsep
c3e018a8 T strswab
c3e018f0 T memset
c3e01964 T bcopy
c3e0198c T memcpy
c3e019f8 T memmove
c3e01a54 T memcmp
c3e01a8c T memscan
c3e01abc T strstr
c3e01b1c T memchr
c3e01b48 T strdup
c3e01b7c T copy_uboot_to_ram
c3e01c58 T enable_interrupts
c3e01c5c T disable_interrupts
c3e01c64 T interrupt_init
c3e01cd4 T set_timer
c3e01ce4 T reset_timer_masked
c3e01d08 T reset_timer
c3e01d0c T get_timer_masked
c3e01d54 T get_timer
c3e01d68 T udelay
c3e01dd8 T udelay_masked
c3e01e48 T get_ticks
c3e01e5c T get_tbclk
c3e01e74 T show_regs
c3e01fb4 T bad_mode
c3e01fd0 T do_irq
c3e01ff4 T do_fiq
c3e02018 T do_not_used
c3e0203c T do_data_abort
c3e02060 T do_prefetch_abort
c3e02084 T do_software_interrupt
c3e020a8 T do_undefined_instruction
c3e020cc T onenand_readw
c3e020d4 T onenand_writew
c3e020dc T onenand_loadpage
c3e0215c T onenand_isbad
c3e02184 T onenand_readpage
c3e021d0 T onenand_bl2_copy
c3e0222c T movi_uboot_copy
c3e02254 T emmc_uboot_copy
c3e02278 T emmc441_uboot_copy
c3e022a4 T movi_calc_checksum_bl1
c3e022cc T movi_write_bl1
c3e0231c T movi_write_env
c3e02334 T movi_read_env
c3e0234c T __coloured_LED_init
c3e0234c W coloured_LED_init
c3e02350 T __red_LED_on
c3e02350 W red_LED_on
c3e02354 T __red_LED_off
c3e02354 W red_LED_off
c3e02358 T __green_LED_on
c3e02358 W green_LED_on
c3e0235c T __green_LED_off
c3e0235c W green_LED_off
c3e02360 T __yellow_LED_on
c3e02360 W yellow_LED_on
c3e02364 T __yellow_LED_off
c3e02364 W yellow_LED_off
c3e02368 T __blue_LED_on
c3e02368 W blue_LED_on
c3e0236c T __blue_LED_off
c3e0236c W blue_LED_off
c3e02370 t off_charge
c3e023f8 T hang
c3e02408 t display_dram_config
c3e0245c t display_banner
c3e0247c t init_baudrate
c3e024dc T start_armboot
c3e02610 t __fswab32
c3e0262c t INIT_LIST_HEAD
c3e02638 T mmc_send_cmd
c3e02648 T mmc_set_blocklen
c3e02680 T mmc_send_ext_csd
c3e026d0 T mmc_set_relative_addr
c3e02708 T mmc_switch
c3e0274c T mmc_change_freq
c3e027f8 T sd_switch
c3e02864 T mmc_set_ios
c3e02874 T mmc_set_clock
c3e02894 T mmc_set_bus_width
c3e0289c T mmc_send_if_cond
c3e02918 W board_mmc_init
c3e02918 t __def_mmc_init
c3e02920 T emmc_boot_close
c3e02970 T emmc_boot_open
c3e02a08 T emmc_boot_partition_size_change
c3e02b24 T emmc_boot_erase
c3e02c50 T mmc_send_app_op_cond
c3e02d40 T mmc_go_idle
c3e02d94 T mmc_send_op_cond
c3e02e34 T mmc_erase
c3e031e0 T print_mmc_devices
c3e03254 T find_mmc_device
c3e032a0 T mmc_get_dev
c3e032b4 t mmc_bwrite
c3e03360 T movi_write
c3e03378 t mmc_bread_primitive
c3e03410 t mmc_bread
c3e0347c T movi_read
c3e03494 T sd_change_freq
c3e03664 T mmc_startup
c3e03ce4 T mmc_init
c3e03d48 T mmc_initialize
c3e03e60 T mmc_register
c3e03ed0 t print_num
c3e03ee4 T do_bdinfo
c3e03f7c W do_go_exec
c3e03f94 T do_go
c3e0400c t __fswab32
c3e04028 t image_get_data
c3e04030 T __arch_preboot_os
c3e04030 W arch_preboot_os
c3e04034 t image_check_magic
c3e04058 t image_info
c3e04120 T do_iminfo
c3e04180 t image_get_size
c3e04188 t image_get_data_size
c3e0418c T do_bootd
c3e041b0 t do_bootm_rtems
c3e041ec t do_bootm_qnxelf
c3e04250 t do_bootm_vxworks
c3e042b4 t bootm_load_os
c3e04414 t T.77
c3e04424 t do_bootm_netbsd
c3e04544 T bootm_start
c3e04898 T do_bootm_subcommand
c3e04a5c T do_bootm
c3e04d6c T do_coninfo
c3e04e5c T do_echo
c3e04ee0 T load_elf_image
c3e04f78 T valid_elf_image
c3e04fcc T do_bootvx
c3e0520c W do_bootelf_exec
c3e05250 T do_bootelf
c3e052e8 T ext_format
c3e053ec T do_ext3_format
c3e053fc T do_ext2_format
c3e0540c T do_ext2load
c3e0574c T do_ext2ls
c3e05880 T LCD_turnon
c3e05884 T LCD_setfgcolor
c3e05888 T LCD_setleftcolor
c3e0588c T LCD_setprogress
c3e05890 t reset_handler
c3e058ac T fastboot_flash_get_ptn
c3e058d0 T fastboot_flash_get_ptn_count
c3e058e0 T fastboot_flash_find_ptn
c3e05954 T fastboot_flash_dump_ptn
c3e05aa0 T fastboot_flash_add_ptn
c3e05ae0 t memparse
c3e05b48 t write_to_ptn_sdmmc
c3e05d98 t set_partition_table_sdmmc
c3e060f0 T sd_format_mmcs
c3e06178 t set_partition_table
c3e065e4 T do_fastboot
c3e06848 t T.127
c3e06a8c t rx_handler
c3e075b8 t update_from_sd
c3e0770c T do_sdfuse
c3e07a9c T do_fat_format
c3e07b84 T do_fat_fsinfo
c3e07c84 T do_fat_ls
c3e07d84 T do_fat_fsload
c3e08084 T do_help
c3e080d0 t evalstr
c3e080ec t evalexp
c3e08158 T binary_test
c3e08338 T do_itest
c3e083cc T ktrans
c3e083ec T chk1
c3e0841c t bin_data_init
c3e08434 t bin_data_char
c3e08454 T k_data_init
c3e08474 T k_data_save
c3e08494 T k_data_restore
c3e084b0 T k_data_char
c3e08500 T send_pad
c3e08530 T s1_sendpacket
c3e0855c T handle_send_packet
c3e08720 T send_nack
c3e08780 T send_ack
c3e087e0 t load_serial_ymodem
c3e088e8 t getcxmodem
c3e08908 T do_load_serial_bin
c3e08d6c t load_serial
c3e08f5c T do_load_serial
c3e0903c T do_max8997
c3e090a4 T do_mdmup
c3e09154 T do_mem_crc
c3e09204 T do_mem_base
c3e09248 T do_mem_mtest
c3e093ec T do_mem_loop
c3e094e4 T do_mem_cp
c3e095b4 T do_mem_cmp
c3e09744 T do_mem_mw
c3e09804 t mod_mem
c3e0994c T do_mem_nm
c3e0996c T do_mem_mm
c3e0998c T do_mem_md
c3e09a60 T do_sleep
c3e09ae8 T do_mmcinfo
c3e09c38 T do_mmcops_secure
c3e09ef8 T do_mmcops
c3e0a338 T do_emmc
c3e0a6e4 T calc_unit
c3e0a724 T encode_chs
c3e0a744 T get_SDInfo
c3e0a82c T make_partitionInfo
c3e0aa28 T put_mmc_mbr
c3e0aa8c T get_mmc_mbr
c3e0aaec T get_mmc_block_count
c3e0ab30 T decode_partitionInfo
c3e0ab70 T get_mmc_part_info
c3e0ac0c T print_mmc_part_info
c3e0adb0 T encode_partitionInfo
c3e0ae28 T make_mmc_partition
c3e0b1f0 T create_mmc_fdisk
c3e0b288 T do_fdisk
c3e0b31c T do_movi
c3e0b954 T init_raw_area_table
c3e0bbc4 T get_env_id
c3e0bbd4 T envmatch
c3e0bc34 T getenv_r
c3e0bcd4 T do_saveenv
c3e0bd00 T getenv
c3e0bd68 T _do_setenv
c3e0c160 T do_setenv
c3e0c18c T setenv
c3e0c1d8 T do_editenv
c3e0c244 t printenv
c3e0c328 T do_printenv
c3e0c3b4 t __fswab32
c3e0c3d0 T source
c3e0c554 T do_source
c3e0c59c T do_usbd_dnw
c3e0c6ac T do_version
c3e0c6cc T do_imgextract
c3e0c9a8 T cmd_get_data_size
c3e0c9f8 T cmd_usage
c3e0ca58 T find_cmd_tbl
c3e0caec T find_cmd
c3e0cb14 T _do_help
c3e0cc94 t console_setfile
c3e0cd34 T fgetc
c3e0cd5c T ftstc
c3e0cd84 T fputc
c3e0cdb0 T fputs
c3e0cddc T disable_ctrlc
c3e0cdf4 T had_ctrlc
c3e0ce04 T clear_ctrlc
c3e0ce18 T dbg
c3e0ce24 T console_init_f
c3e0ce34 T search_device
c3e0ce5c T console_assign
c3e0ce9c T fprintf
c3e0cee4 T puts
c3e0cf00 T vprintf
c3e0cf2c T printf
c3e0cf6c T stdio_print_current_devices
c3e0d024 T console_init_r
c3e0d104 T serial_printf
c3e0d144 T putc
c3e0d160 T tstc
c3e0d178 T getc
c3e0d190 T ctrlc
c3e0d1dc T check_compress_ext4
c3e0d2a0 T write_compressed_ext4
c3e0d384 T sbrk
c3e0d3bc T malloc_trim
c3e0d48c T free
c3e0d6bc T cfree
c3e0d6c0 T malloc
c3e0dcd4 T memalign
c3e0dde4 T pvalloc
c3e0ddfc T valloc
c3e0de08 T malloc_usable_size
c3e0de4c T mallopt
c3e0dec4 T calloc
c3e0dfa4 T mem_malloc_init
c3e0dfd0 T realloc
c3e0e448 T env_get_char_spec
c3e0e454 T env_init
c3e0e470 T saveenv_nand
c3e0e478 T saveenv_nand_adv
c3e0e480 T env_relocate_spec_onenand
c3e0e484 t use_default
c3e0e50c T env_relocate_spec_nand
c3e0e510 T env_relocate_spec_movinand
c3e0e548 T env_relocate_spec
c3e0e580 T saveenv_onenand
c3e0e598 T saveenv_movinand
c3e0e5d0 T saveenv
c3e0e618 T env_get_char_memory
c3e0e63c T env_get_addr
c3e0e660 T env_get_char
c3e0e690 T env_crc_update
c3e0e6b8 T set_default_env
c3e0e6fc T env_relocate
c3e0e754 t dummy
c3e0e758 T get_version
c3e0e760 T jumptable_init
c3e0e938 t __fswab32
c3e0e954 t image_get_data
c3e0e95c t image_check_type
c3e0e970 T image_multi_count
c3e0e998 T get_table_entry_name
c3e0e9c4 T genimg_get_os_name
c3e0e9dc T genimg_get_arch_name
c3e0e9f4 T genimg_get_type_name
c3e0ea0c T genimg_get_comp_name
c3e0ea24 T genimg_get_image
c3e0ea28 T genimg_has_config
c3e0ea30 T get_table_entry_id
c3e0ea7c T genimg_get_comp_id
c3e0ea94 T genimg_get_type_id
c3e0eaac T genimg_get_arch_id
c3e0eac4 T genimg_get_os_id
c3e0eadc t image_check_magic
c3e0eb00 T genimg_get_format
c3e0eb14 t image_get_data_size
c3e0eb1c t image_get_load
c3e0eb24 T image_multi_getimg
c3e0ebac T genimg_print_size
c3e0ebd8 T image_print_contents
c3e0ed6c T memmove_wd
c3e0ed70 T getenv_bootm_low
c3e0eda4 T getenv_yesno
c3e0edc8 T getenv_bootm_size
c3e0edfc T image_check_dcrc
c3e0ee44 T image_check_hcrc
c3e0ee98 T boot_get_ramdisk
c3e0f0ec T __show_boot_progress
c3e0f0ec W show_boot_progress
c3e0f0f0 T parse_line
c3e0f17c T run_command
c3e0f54c T do_run
c3e0f5c8 t delete_char
c3e0f6a4 t cread_add_char
c3e0f790 t cread_add_str
c3e0f7e4 T readline_into_buffer
c3e10064 T readline
c3e10080 T main_loop
c3e101e0 t hex1_bin
c3e10220 t hex2_bin
c3e10254 T srec_decode
c3e104b8 T stdio_get_list
c3e104c4 T stdio_clone
c3e1050c T stdio_get_by_name
c3e10560 T stdio_register
c3e105a0 T stdio_init
c3e1062c T parse_num
c3e10768 T xyzModem_error
c3e10788 T xyzModem_stream_close
c3e107d8 T CYGACC_COMM_IF_PUTC
c3e107e0 T CYGACC_COMM_IF_GETC_TIMEOUT
c3e10838 t xyzModem_flush
c3e10860 T xyzModem_stream_terminate
c3e10934 t xyzModem_get_hdr
c3e10bb0 T xyzModem_stream_read
c3e10e44 T xyzModem_stream_open
c3e10fa8 T board_init
c3e10fcc T virt_to_phy_smdkc210
c3e10fdc T checkboard
c3e11008 T dram_init
c3e1120c T chk_bootdev
c3e112b0 T check_bootmode
c3e11354 T board_late_init
c3e113b8 T cyg_crc16
c3e113fc T crc32_no_comp
c3e114e8 T crc32
c3e114fc T crc32_wd
c3e11500 T print_size
c3e115c4 T display_options
c3e115e4 T print_buffer
c3e1173c T zunzip
c3e11834 T gunzip
c3e118e8 T zfree
c3e118f0 T zalloc
c3e11900 T string_to_ip
c3e11978 t __toupper
c3e11994 T simple_strtoul
c3e11a50 T simple_strtol
c3e11a78 T ustrtoul
c3e11aec T simple_strtoull
c3e11bcc t skip_atoi
c3e11c04 T panic
c3e11c50 t string
c3e11cf8 t put_dec
c3e11ec0 t number
c3e120f4 T vsprintf
c3e12560 T sprintf
c3e12584 T inflate_fast
c3e12aa0 T inflate_table
c3e13008 T inflateReset
c3e130a4 T inflateInit2_
c3e131a0 T inflateInit_
c3e131b0 T inflateEnd
c3e13234 T adler32
c3e13530 T zcfree
c3e13538 T zcalloc
c3e13540 T inflate
c3e14c9c T __div64_32
c3e14d90 t read_p15_c1
c3e14d98 t write_p15_c1
c3e14da0 t cp_delay
c3e14dcc T InitBaseHwForNfc
c3e14e54 T _console_write
c3e14ea8 T _console_setup
c3e14f08 T cpu_init
c3e14f10 T icache_enable
c3e14f2c T icache_disable
c3e14f48 T icache_status
c3e14f58 T dcache_enable
c3e14f74 T dcache_disable
c3e14f90 T dcache_status
c3e14fa0 T branch_enable
c3e14fbc T branch_disable
c3e14fd8 T branch_status
c3e14fe8 T cpu_mmc_init
c3e15000 T reset_cpu
c3e15034 T do_reset
c3e1504c T cleanup_before_linux
c3e1507c T serial_setbrg
c3e15080 T serial_init
c3e15090 t T.34
c3e1509c T serial_tstc
c3e150b0 T serial_putc
c3e150dc T serial_puts
c3e15104 T serial_getc
c3e15120 T s3c_usb_phy_off
c3e1514c T s3c_usb_core_soft_reset
c3e15170 T s3c_usb_init_core
c3e1518c T s3c_usb_check_current_mode
c3e151a4 T s3c_usb_set_soft_disconnect
c3e151bc T s3c_usb_clear_soft_disconnect
c3e151d4 T s3c_usb_init_device
c3e15200 T s3c_usbc_activate
c3e15208 T s3c_usb_stop
c3e1521c T s3c_usb_set_inep_xfersize
c3e15250 T s3c_usb_set_outep_xfersize
c3e15284 T s3c_usb_write_ep0_fifo
c3e152d4 T s3c_usb_write_in_fifo
c3e15324 T s3c_usb_read_out_fifo
c3e15370 T s3c_usb_get_desc
c3e1547c T s3c_usb_clear_feature
c3e154ec T s3c_usb_set_feature
c3e15644 T s3c_usb_get_status
c3e156dc T s3c_usb_ep0_int_hndlr
c3e1584c T s3c_usb_set_otherspeed_conf_desc
c3e15938 T s3c_usb_transfer_ep0
c3e161c0 T s3c_usb_int_bulkin
c3e16288 T s3c_usb_upload_start
c3e163e0 T s3c_usb_download_start
c3e164fc T s3c_usb_dma_in_done
c3e16594 T s3c_usb_set_all_outep_nak
c3e165bc T s3c_usb_clear_all_outep_nak
c3e165e4 T s3c_usb_set_max_pktsize
c3e16630 T s3c_usb_set_endpoint
c3e16674 T s3c_usb_set_descriptors
c3e167c4 T s3c_usb_check_speed
c3e167dc T s3c_usb_clear_dnfile_info
c3e167f8 T s3c_usb_clear_upfile_info
c3e16814 T s3c_usb_check_setconf
c3e1682c T s3c_usb_set_opmode
c3e1689c T s3c_usb_reset
c3e168fc T s3c_usb_set_init
c3e1695c T s3c_usb_verify_checksum
c3e169fc T s3c_usb_download_continue
c3e16aa8 T s3c_usb_int_bulkout
c3e16ad0 T s3c_usb_pkt_receive
c3e16b3c T s3c_usb_print_pkt
c3e16b88 T s3c_usb_dma_out_done
c3e16c2c T s3c_usb_transfer
c3e16d28 T s3c_udc_int_hndlr
c3e16dc8 T s3c_usb_wait_cable_insert
c3e16e18 T s3c_usb_init_phy
c3e16e58 T s3c_usbctl_init
c3e16ee0 T get_device_type
c3e16ef0 T arch_cpu_init
c3e1704c T print_cpuinfo
c3e1706c T fboot_usb_phy_off
c3e17098 T fboot_usb_core_soft_reset
c3e170bc T fboot_usb_init_core
c3e170d8 T fboot_usb_check_current_mode
c3e170f0 T fboot_usb_set_soft_disconnect
c3e17108 T fboot_usb_clear_soft_disconnect
c3e17120 T fboot_usb_init_device
c3e1714c T fboot_usbc_activate
c3e17154 T fboot_usb_stop
c3e17168 T fboot_usb_set_inep_xfersize
c3e1719c T fboot_usb_set_outep_xfersize
c3e171d0 T fboot_usb_write_ep0_fifo
c3e17220 T fboot_usb_write_in_fifo
c3e17270 T fboot_usb_read_out_fifo
c3e172bc T fboot_usb_get_desc
c3e173dc T fboot_usb_clear_feature
c3e1744c T fboot_usb_set_feature
c3e175a4 T fboot_usb_get_status
c3e1763c T fboot_usb_ep0_int_hndlr
c3e177ac T fboot_usb_set_otherspeed_conf_desc
c3e17898 T fboot_usb_transfer_ep0
c3e18138 T fboot_usb_upload_start
c3e18290 T fboot_usb_download_start
c3e183ac T fboot_usb_dma_in_done
c3e18444 T fboot_usb_set_all_outep_nak
c3e1846c T fboot_usb_clear_all_outep_nak
c3e18494 T fboot_usb_set_max_pktsize
c3e184e0 T fboot_usb_set_endpoint
c3e18524 T fboot_usb_set_descriptors
c3e18678 T fboot_usb_check_speed
c3e18690 T fboot_usb_clear_dnfile_info
c3e186ac T fboot_usb_clear_upfile_info
c3e186c8 T fboot_usb_check_setconf
c3e186e0 T fboot_usb_set_opmode
c3e18750 T fboot_usb_reset
c3e187b0 T fastboot_shutdown
c3e187b4 T fastboot_fifo_size
c3e187d0 T fastboot_getvar
c3e187d8 T fboot_usb_int_bulkin
c3e18864 T fastboot_preboot
c3e188f8 T fboot_usb_set_init
c3e18958 T fboot_usb_verify_checksum
c3e189ec T fboot_usb_download_continue
c3e18a98 T fboot_usb_print_pkt
c3e18ad8 T fboot_usb_dma_out_done
c3e18b7c T fboot_usb_transfer
c3e18c7c T fboot_usb_wait_cable_insert
c3e18cbc T fboot_usb_init_phy
c3e18cfc T fboot_usbctl_init
c3e18d84 T fastboot_init
c3e18e60 T fboot_usb_int_bulkout
c3e18ef0 T fboot_usb_pkt_receive
c3e18f5c T fboot_usb_int_hndlr
c3e19018 T fastboot_poll
c3e1906c T fastboot_tx_status
c3e190b8 T PMIC_GetVoltage_Buck
c3e19100 T PMIC_SetVoltage_Buck
c3e19144 T I2C_S5M8767_VolSetting
c3e191a0 T pmic8767_init
c3e191e8 T PMIC_InitIp
c3e19450 T GPIO_Reset_B
c3e19498 T GPIO_Reset_A
c3e194e0 T GPIO_Init
c3e194f4 T GPIO_SetFunctionEach
c3e19524 T GPIO_SetFunctionAll
c3e1953c T GPIO_SetDataEach
c3e1956c T GPIO_SetDataAll
c3e19588 T GPIO_GetDataAll
c3e195a4 T GPIO_SetPullUpDownEach
c3e195d8 T GPIO_SetPullUpDownAll
c3e195f4 T ETC_SetPullUpDownEach
c3e19624 T ETC_SetPullUpDownAll
c3e1963c T GPIO_SetDSEach
c3e19670 T GPIO_SetDSAll
c3e1969c T GPIO_SetConRegPDNAll
c3e196b8 T GPIO_SetPullUDPDNAll
c3e196d4 T GPIO_EINT1ClrPend
c3e196f8 T GPIO_EINT1UnMask
c3e19720 T GPIO_EINT1Mask
c3e19750 T GPIO_EINT2ClrPend
c3e19774 T GPIO_EINT2UnMask
c3e1979c T GPIO_EINT2Mask
c3e197cc T GPIO_EINT3ClrPend
c3e197f0 T GPIO_EINT3UnMask
c3e19818 T GPIO_EINT3Mask
c3e19848 T GPIO_EINT4ClrPend
c3e1986c T GPIO_EINT4UnMask
c3e19894 T GPIO_EINT4Mask
c3e198c4 T GPIO_EINT5ClrPend
c3e198e8 T GPIO_EINT5UnMask
c3e19910 T GPIO_EINT5Mask
c3e19940 T GPIO_EINT6ClrPend
c3e19964 T GPIO_EINT6UnMask
c3e1998c T GPIO_EINT6Mask
c3e199bc T GPIO_EINT7ClrPend
c3e199e0 T GPIO_EINT7UnMask
c3e19a08 T GPIO_EINT7Mask
c3e19a38 T GPIO_EINT8ClrPend
c3e19a5c T GPIO_EINT8UnMask
c3e19a84 T GPIO_EINT8Mask
c3e19ab4 T GPIO_EINT9ClrPend
c3e19ad8 T GPIO_EINT9UnMask
c3e19b00 T GPIO_EINT9Mask
c3e19b30 T GPIO_EINT10ClrPend
c3e19b54 T GPIO_EINT10UnMask
c3e19b7c T GPIO_EINT10Mask
c3e19bac T GPIO_EINT11ClrPend
c3e19bd0 T GPIO_EINT11UnMask
c3e19bf8 T GPIO_EINT11Mask
c3e19c28 T GPIO_EINT12ClrPend
c3e19c4c T GPIO_EINT12UnMask
c3e19c74 T GPIO_EINT12Mask
c3e19ca4 T GPIO_EINT13ClrPend
c3e19cc8 T GPIO_EINT13UnMask
c3e19cf0 T GPIO_EINT13Mask
c3e19d20 T GPIO_EINT14ClrPend
c3e19d44 T GPIO_EINT14UnMask
c3e19d6c T GPIO_EINT14Mask
c3e19d9c T GPIO_EINT15ClrPend
c3e19dc0 T GPIO_EINT15UnMask
c3e19de8 T GPIO_EINT15Mask
c3e19e18 T GPIO_EINT16ClrPend
c3e19e3c T GPIO_EINT16UnMask
c3e19e64 T GPIO_EINT16Mask
c3e19e94 T GPIO_EINT21ClrPend
c3e19eb0 T GPIO_EINT21UnMask
c3e19ed0 T GPIO_EINT21Mask
c3e19ef8 T GPIO_EINT22ClrPend
c3e19f14 T GPIO_EINT22UnMask
c3e19f34 T GPIO_EINT22Mask
c3e19f5c T GPIO_EINT23ClrPend
c3e19f78 T GPIO_EINT23UnMask
c3e19f98 T GPIO_EINT23Mask
c3e19fc0 T GPIO_EINT24ClrPend
c3e19fdc T GPIO_EINT24UnMask
c3e19ffc T GPIO_EINT24Mask
c3e1a024 T GPIO_EINT25ClrPend
c3e1a040 T GPIO_EINT25UnMask
c3e1a060 T GPIO_EINT25Mask
c3e1a088 T GPIO_EINT26ClrPend
c3e1a0a4 T GPIO_EINT26UnMask
c3e1a0c4 T GPIO_EINT26Mask
c3e1a0ec T GPIO_EINT27ClrPend
c3e1a108 T GPIO_EINT27UnMask
c3e1a128 T GPIO_EINT27Mask
c3e1a150 T GPIO_EINT28ClrPend
c3e1a16c T GPIO_EINT28UnMask
c3e1a18c T GPIO_EINT28Mask
c3e1a1b4 T GPIO_EINT29ClrPend
c3e1a1d0 T GPIO_EINT29UnMask
c3e1a1f0 T GPIO_EINT29Mask
c3e1a218 T GPIO_EINT40ClrPend
c3e1a234 T GPIO_EINT40UnMask
c3e1a254 T GPIO_EINT40Mask
c3e1a27c T GPIO_EINT41ClrPend
c3e1a298 T GPIO_EINT41UnMask
c3e1a2b8 T GPIO_EINT41Mask
c3e1a2e0 T GPIO_EINT42ClrPend
c3e1a2fc T GPIO_EINT42UnMask
c3e1a31c T GPIO_EINT42Mask
c3e1a344 T GPIO_EINT43ClrPend
c3e1a360 T GPIO_EINT43UnMask
c3e1a380 T GPIO_EINT43Mask
c3e1a3a8 T EINT_GRPPRI_XA
c3e1a3d0 T EINT_GRPPRI_XB
c3e1a3f0 T EINT_PRIORITY_XA
c3e1a424 T EINT_PRIORITY_XB
c3e1a450 T Get_EINTSVC_XA
c3e1a46c T Get_EINTSVC_XB
c3e1a480 T Get_EINTSVCPEND_XA
c3e1a49c T Get_EINTSVCPEND_XB
c3e1a4b0 T EINT_GRPFIXPRI_XA
c3e1a4d8 T EINT_GRPFIXPRI_XB
c3e1a4f8 T EINT_FIXPRI_XB
c3e1a53c T EINT_FIXPRI_XA
c3e1a580 t T.398
c3e1a5b0 T GPIO_SetEint1
c3e1a6ac T GPIO_SetEint2
c3e1a7b4 T GPIO_SetEint3
c3e1a8bc T GPIO_SetEint4
c3e1a9a4 T GPIO_SetEint5
c3e1aa8c T GPIO_SetEint6
c3e1ab48 T GPIO_SetEint7
c3e1ac04 T GPIO_SetEint8
c3e1acec T GPIO_SetEint9
c3e1adf4 T GPIO_SetEint10
c3e1aefc T GPIO_SetEint11
c3e1b004 T GPIO_SetEint12
c3e1b10c T GPIO_SetEint13
c3e1b214 T GPIO_SetEint14
c3e1b31c T GPIO_SetEint15
c3e1b424 T GPIO_SetEint16
c3e1b52c T GPIO_SetEint21
c3e1b618 T GPIO_SetEint22
c3e1b6e4 T GPIO_SetEint23
c3e1b7d0 T GPIO_SetEint24
c3e1b8bc T GPIO_SetEint25
c3e1b9a8 T GPIO_SetEint26
c3e1ba94 T GPIO_SetEint27
c3e1bb80 T GPIO_SetEint28
c3e1bc28 T GPIO_SetEint29
c3e1bd14 T GPIO_SetEint40
c3e1be00 T GPIO_SetEint41
c3e1beec T GPIO_SetEint42
c3e1bfd8 T GPIO_SetEint43
c3e1c0c4 T I2C_GetLastError
c3e1c0dc T I2C_SetClock
c3e1c148 T I2C_SetAckGeneration
c3e1c184 T I2C_SetSlaveAddress
c3e1c1b8 T I2C_SetFilter
c3e1c1f4 T I2C_SetOutputDelay
c3e1c22c T I2C_EnableInt
c3e1c250 T I2C_DisableInt
c3e1c274 T I2C_GetIntStatus
c3e1c294 T I2C_WaitForXferNoAck
c3e1c2d4 T I2C_ClearIntStatus
c3e1c2f8 T I2C_SetMode
c3e1c3f4 T I2C_GenerateSignal
c3e1c430 T I2C_GetBusStatus
c3e1c450 T I2C_IsBusReady
c3e1c474 T I2C_WaitForBusReady
c3e1c4b4 T I2C_IsBusBusy
c3e1c4d4 T I2C_IsMatchAddress
c3e1c4f4 T I2C_WaitForMatchAddress
c3e1c544 T I2C_IsXferAck
c3e1c568 T I2C_WaitForXferAck
c3e1c5b8 T I2C_WriteAddress
c3e1c5d8 T I2C_WriteData
c3e1c5f4 T I2C_ReadData
c3e1c610 T I2C_SetGPIO
c3e1ca48 T I2C_InitSlave
c3e1caa0 T I2C_InitMaster
c3e1cae8 T I2C_CalculatePrescaler
c3e1cbb8 T I2C_PrintErrorCase
c3e1cc40 t I2C_RecvForGeneral
c3e1cec4 T I2C_RecvEx
c3e1cec8 T I2C_Recv
c3e1d048 t I2C_SendForGeneral
c3e1d224 T I2C_SendEx
c3e1d228 T I2C_Send
c3e1d380 T I2C_InitIp
c3e1d428 T SYSC_SetCpuDiv
c3e1d4a8 T SYSC_SetCoreDiv
c3e1d544 T SYSC_SetTopBusDiv
c3e1d5dc T SYSC_SetDivDefaultVal
c3e1d664 T SYSC_SetLocktimeVal
c3e1d6e4 T SYSC_CheckPllLock
c3e1d738 T SYSC_EnablePll
c3e1d79c T SYSC_DisablePll
c3e1d7f4 T SYSC_SetDitherParam
c3e1d850 t SYSC_SetPll4508
c3e1d968 t SYSC_GetVcoPll4508
c3e1d9ac t SYSC_GetFoutPll4508
c3e1da08 t SYSC_CalcPll4508
c3e1da5c T SYSC_CalcPllFout
c3e1db98 T SYSC_GetMuxSrc
c3e1dbc0 T SYSC_SetMuxSrc
c3e1dc78 T SYSC_SetClkDiv
c3e1dccc T SYSC_GetClkDiv
c3e1dcf8 T SYSC_SetClkGateIp
c3e1dd2c T SYSC_GetClkGateIp
c3e1dd58 T SYSC_SetClkGateBlock
c3e1dd8c T SYSC_GetClkGateBlock
c3e1ddb8 t SYSC_SetCmuClkOut
c3e1de10 T SYSC_SetClkOut
c3e1df20 T SYSC_SetPllByPms
c3e1e1a8 T SYSC_SetPllByFout
c3e1e654 T SYSC_GetVcoPll
c3e1e7ac T SYSC_GetFoutPll
c3e1e91c T SYSC_ChangePllnDiv
c3e1eae0 T SYSC_InitSysClk
c3e1ecd0 t SYSC_GetMuxClkOut
c3e1f198 T SYSC_GetClkFreq
c3e1f33c t get_PLLCLK
c3e1f390 T get_ARM_CLK
c3e1f3c4 T get_MPLL_CLK
c3e1f3cc T get_APLL_CLK
c3e1f3d4 t ReadWriteByte
c3e1f3ec t WaitForXfer
c3e1f434 t i2c_transfer
c3e1f69c t T.46
c3e1f6f0 T pmic_write
c3e1f6f4 T max8997_init
c3e1f768 t T.48
c3e1f7bc T lowlevel_init_max8997
c3e1f828 T pmic_read
c3e1f82c T setup_sdhci0_cfg_card
c3e1f830 T setup_hsmmc_cfg_gpio
c3e1f8c8 T setup_hsmmc_clock
c3e1f9b4 T set_hsmmc_pre_ratio
c3e1fa3c T clear_hsmmc_clock_div
c3e1fa8c T factory_reset
c3e1fb50 T recovery_preboot
c3e1fc00 T do_bootm_linux
c3e1fe38 T flush_cache
c3e1fe3c t downcase
c3e1fe6c t setstr
c3e1fe9c t dirdelim
c3e1fed0 t compare_sign
c3e1ff00 t slot2str
c3e1ffc4 t mkcksum
c3e1fff4 T disk_read
c3e20100 t get_fatent
c3e20254 t read_bootsectandvi
c3e20348 T file_fat_detectfs
c3e20494 t get_cluster
c3e20534 t get_vfatname
c3e206c4 t get_name
c3e20780 T do_fat_read
c3e21074 T file_fat_read
c3e210ac T file_fat_ls
c3e210bc T fat_register_device
c3e211cc T fat_format_device
c3e2180c T get_random_val
c3e21824 T default_journal_size
c3e21864 T ext2fs_format
c3e23da0 T ext2fs_free_node
c3e23dc0 T ext2fs_close
c3e23e74 t ext2fs_read_inode
c3e23f40 T ext2fs_mount
c3e23ff4 T ext2fs_read_file
c3e244c8 T ext2fs_read
c3e24500 t ext2fs_iterate_dir
c3e24770 T ext2fs_find_file1
c3e249f8 T ext2fs_find_file
c3e24a74 T ext2fs_open
c3e24b08 T ext2fs_ls
c3e24b7c T ext2fs_devread
c3e24d54 T ext2fs_set_blk_dev
c3e24da0 T dev_print
c3e24f9c T get_partition_info
c3e24fc0 T init_part
c3e24fdc T get_dev
c3e25040 T print_part
c3e2511c t le32_to_int
c3e25140 t is_extended
c3e25160 T test_part_dos
c3e251b0 t get_partition_info_extended
c3e2540c T get_partition_info_dos
c3e2542c t print_partition_extended
c3e255f8 T print_part_dos
c3e25624 t sdhci_change_clock
c3e256e8 t s3c_hsmmc_set_ios
c3e25740 t s3c_hsmmc_send_command
c3e259f4 T smdk_s3c_hsmmc_init
c3e25a9c t T.40
c3e25afc t s3c_hsmmc_init
c3e25b4c t mshci_writel
c3e25b58 t mshci_readl
c3e25b64 t mshci_set_mdma_desc
c3e25b80 t calc_max_emmc_clock
c3e25bd4 t get_emmc_bit_pre
c3e25c00 t mshci_clock_onoff
c3e25d0c T mshci_fifo_deinit
c3e25d34 t mshci_change_clock
c3e25f18 t s5p_mshc_set_ios
c3e26018 t mshci_reset_fifo
c3e26070 t s5c_mshc_init
c3e26304 t s5p_mshc_send_command
c3e26758 T emmc_mode_change
c3e267a8 T smdk_s5p_mshc_init
c3e2684c T raise
c3e26868 T __aeabi_uidiv
c3e26868 T __udivsi3
c3e26868 t .udivsi3_nodiv0
c3e26a54 T __aeabi_uidivmod
c3e26a74 T __aeabi_idiv
c3e26a74 T __divsi3
c3e26a7c t .divsi3_nodiv0
c3e26c94 T __aeabi_idivmod
c3e26cb4 T __aeabi_llsr
c3e26cb4 T __lshrdi3
c3e26cd0 T __aeabi_drsub
c3e26cd8 T __aeabi_dsub
c3e26cd8 T __subdf3
c3e26cdc T __adddf3
c3e26cdc T __aeabi_dadd
c3e26f88 T __aeabi_ui2d
c3e26f88 T __floatunsidf
c3e26fac T __aeabi_i2d
c3e26fac T __floatsidf
c3e26fd4 T __aeabi_f2d
c3e26fd4 T __extendsfdf2
c3e27014 T __aeabi_ul2d
c3e27014 T __floatundidf
c3e27028 T __aeabi_l2d
c3e27028 T __floatdidf
c3e27088 T __aeabi_dmul
c3e27088 T __muldf3
c3e272f4 T __aeabi_ddiv
c3e272f4 T __divdf3
c3e274f8 T __aeabi_d2f
c3e274f8 T __truncdfsf2
c3e27598 T __aeabi_frsub
c3e275a0 T __aeabi_fsub
c3e275a0 T __subsf3
c3e275a4 T __addsf3
c3e275a4 T __aeabi_fadd
c3e27734 T __aeabi_ui2f
c3e27734 T __floatunsisf
c3e2773c T __aeabi_i2f
c3e2773c T __floatsisf
c3e2775c T __aeabi_ul2f
c3e2775c T __floatundisf
c3e2776c T __aeabi_l2f
c3e2776c T __floatdisf
c3e277e8 T __aeabi_fmul
c3e277e8 T __mulsf3
c3e27980 T __aeabi_fdiv
c3e27980 T __divsf3
c3e27ae0 T __gesf2
c3e27ae0 T __gtsf2
c3e27ae8 T __lesf2
c3e27ae8 T __ltsf2
c3e27af0 T __cmpsf2
c3e27af0 T __eqsf2
c3e27af0 T __nesf2
c3e27b54 T __aeabi_cfrcmple
c3e27b64 T __aeabi_cfcmpeq
c3e27b64 T __aeabi_cfcmple
c3e27b78 T __aeabi_fcmpeq
c3e27b8c T __aeabi_fcmplt
c3e27ba0 T __aeabi_fcmple
c3e27bb4 T __aeabi_fcmpge
c3e27bc8 T __aeabi_fcmpgt
c3e27bdc T __aeabi_f2uiz
c3e27bdc T __fixunssfsi
c3e27c30 W __aeabi_idiv0
c3e27c30 W __aeabi_ldiv0
c3e27c40 R sha1_digest_emptymsg
c3e27c54 r C.32.3329
c3e27cd4 R version_string
c3e27d14 r boot_os
c3e27d60 r CSWTCH.49
c3e27db8 r CSWTCH.58
c3e27dd8 r crc16_tab
c3e27fd8 r crc_table
c3e283d8 r digits.3266
c3e283e8 R hex_asc
c3e283fc r lext.3601
c3e2843c r lbase.3600
c3e2847c r dext.3603
c3e284bc r dbase.3602
c3e284fc r lenfix
c3e28cfc r distfix
c3e28d7c r order.3910
c3e28da4 R z_errmsg
c3e28dcc R config_full
c3e28dd8 R config_full_total
c3e28df8 R config_high
c3e28e04 R config_high_total
c3e28e24 R qualifier_desc
c3e28e30 R string_desc0
c3e28e34 R string_desc1
c3e28e4c R string_desc2
c3e28e78 R fboot_config_full
c3e28e84 R fboot_config_full_total
c3e28ea4 R fboot_config_high
c3e28eb0 R fboot_config_high_total
c3e28ed0 R fboot_qualifier_desc
c3e28edc R fboot_string_desc0
c3e28ee0 R fboot_string_desc1
c3e28ef8 R fboot_string_desc2
c3e28f10 R string_desc3
c3e28f2c R gVoltage_Type
c3e28f44 r aoMuxSel
c3e29d7c r aoDivRatio
c3e2b0fc r aoGateIp
c3e2cbfc r aoGateBlk
c3e2cd4c r aoClkOut
c3e2db4c r block_drvr
c3e38000 R mmu_table
c3e3c000 D init_sequence
c3e3c034 d cur_dev_num
c3e3c038 D load_addr
c3e3c03c D cmd_bootm_sub
c3e3c0cc d static_pcount
c3e3c0d0 d interface
c3e3c0ec D op_table
c3e3c154 d do_echo
c3e3c158 D dp_last_length
c3e3c15c d env_id
c3e3c160 d av_
c3e3c568 d sbrk_base
c3e3c56c d trim_threshold
c3e3c570 d mmap_threshold
c3e3c574 D env_name_spec
c3e3c578 D default_environment
c3e3c600 D default_environment_size
c3e3c604 d uimage_os
c3e3c664 d uimage_arch
c3e3c754 d uimage_type
c3e3c7e4 d uimage_comp
c3e3c82c d erase_seq
c3e3c830 d tab_seq
c3e3c83c d hist_cur
c3e3c840 D stdio_names
c3e3c84c D dmc_density
c3e3c850 D _ctype
c3e3c950 D test_pkt
c3e3c988 D CORE_NUM_STR
c3e3c98c D fboot_test_pkt
c3e3c9c4 D ptable_default
c3e3ca88 D ptable_default_size
c3e3ca8c d g_aI2c
c3e3cb64 D nr_dram_banks
c3e3cb68 d cur_part
c3e3cb6c D indir1_blkno
c3e3cb70 D indir2_blkno
c3e3cb74 A __u_boot_cmd_start
c3e3cb74 D __u_boot_cmd_bdinfo
c3e3cb8c D __u_boot_cmd_go
c3e3cba4 D __u_boot_cmd_reset
c3e3cbbc D __u_boot_cmd_bootm
c3e3cbd4 D __u_boot_cmd_boot
c3e3cbec D __u_boot_cmd_bootd
c3e3cc04 D __u_boot_cmd_iminfo
c3e3cc1c D __u_boot_cmd_coninfo
c3e3cc34 D __u_boot_cmd_echo
c3e3cc4c D __u_boot_cmd_bootelf
c3e3cc64 D __u_boot_cmd_bootvx
c3e3cc7c D __u_boot_cmd_ext2ls
c3e3cc94 D __u_boot_cmd_ext2load
c3e3ccac D __u_boot_cmd_ext2format
c3e3ccc4 D __u_boot_cmd_ext3format
c3e3ccdc D __u_boot_cmd_fastboot
c3e3ccf4 D __u_boot_cmd_sdfuse
c3e3cd0c D __u_boot_cmd_fatload
c3e3cd24 D __u_boot_cmd_fatls
c3e3cd3c D __u_boot_cmd_fatinfo
c3e3cd54 D __u_boot_cmd_fatformat
c3e3cd6c D __u_boot_cmd_help
c3e3cd84 D __u_boot_cmd_question_mark
c3e3cd9c D __u_boot_cmd_itest
c3e3cdb4 D __u_boot_cmd_loads
c3e3cdcc D __u_boot_cmd_loadb
c3e3cde4 D __u_boot_cmd_loady
c3e3cdfc D __u_boot_cmd_max8997
c3e3ce14 D __u_boot_cmd_mdmup
c3e3ce2c D __u_boot_cmd_md
c3e3ce44 D __u_boot_cmd_mm
c3e3ce5c D __u_boot_cmd_nm
c3e3ce74 D __u_boot_cmd_mw
c3e3ce8c D __u_boot_cmd_cp
c3e3cea4 D __u_boot_cmd_cmp
c3e3cebc D __u_boot_cmd_crc32
c3e3ced4 D __u_boot_cmd_base
c3e3ceec D __u_boot_cmd_loop
c3e3cf04 D __u_boot_cmd_mtest
c3e3cf1c D __u_boot_cmd_sleep
c3e3cf34 D __u_boot_cmd_mmcinfo
c3e3cf4c D __u_boot_cmd_emmc
c3e3cf64 D __u_boot_cmd_mmc
c3e3cf7c D __u_boot_cmd_fdisk
c3e3cf94 D __u_boot_cmd_movi
c3e3cfac D __u_boot_cmd_saveenv
c3e3cfc4 D __u_boot_cmd_editenv
c3e3cfdc D __u_boot_cmd_printenv
c3e3cff4 D __u_boot_cmd_setenv
c3e3d00c D __u_boot_cmd_run
c3e3d024 D __u_boot_cmd_source
c3e3d03c D __u_boot_cmd_dnw
c3e3d054 D __u_boot_cmd_version
c3e3d06c D __u_boot_cmd_imxtract
c3e3d084 A __bss_start
c3e3d084 A __u_boot_cmd_end
c3e3d088 B ___strtok
c3e3d08c B timer_load_val
c3e3d090 b lastdec
c3e3d094 b timestamp
c3e3d098 B monitor_flash_len
c3e3d09c b mmc_devices
c3e3d0a4 B mmc_global
c3e3d0b0 B mmc_default
c3e3d0b4 b images
c3e3d140 b download_size
c3e3d144 b download_bytes
c3e3d148 b download_error
c3e3d14c b pcount
c3e3d150 b ptable
c3e3d310 B dev_number_write
c3e3d314 B fuse_by_fastboot
c3e3d318 b os_data_state
c3e3d31c b os_data_addr
c3e3d320 b bin_start_address
c3e3d324 b k_data_escape
c3e3d328 B os_data_init
c3e3d32c b k_data_escape_saved
c3e3d330 b os_data_state_saved
c3e3d334 b os_data_addr_saved
c3e3d338 B os_data_char
c3e3d33c B his_quote
c3e3d340 B his_pad_count
c3e3d344 B his_pad_char
c3e3d345 B his_eol
c3e3d348 B send_ptr
c3e3d34c B send_parms
c3e3d360 b a_b
c3e3d378 b base_address
c3e3d37c B mm_last_addr
c3e3d380 B mm_last_size
c3e3d384 B dp_last_addr
c3e3d388 B dp_last_size
c3e3d38c B raw_area_control
c3e3d58c b ctrlc_disabled
c3e3d590 b ctrlc_was_pressed
c3e3d594 B mem_malloc_brk
c3e3d598 B mem_malloc_start
c3e3d59c B mem_malloc_end
c3e3d5a0 b current_mallinfo
c3e3d5c8 b top_pad
c3e3d5cc b max_sbrked_mem
c3e3d5d0 b max_total_mem
c3e3d5d4 b n_mmaps_max
c3e3d5d8 B env_ptr
c3e3d5dc b initted.3300
c3e3d5e0 b hist_max
c3e3d5e4 b hist_add_idx
c3e3d5e8 B hist_num
c3e3d5ec B hist_lines
c3e3e9ec B hist_list
c3e3ea3c B console_buffer
c3e3eb3c b lastcommand.2985
c3e3ec3c b devs
c3e3ec78 B stdio_devices
c3e3ec84 b xyz
c3e3f0c0 B OmPin
c3e3f0c4 B boot_mode
c3e3f0c8 B otg
c3e3f14c B remode_wakeup
c3e3f150 B get_status
c3e3f156 B config_value
c3e3f158 B get_intf
c3e3f15c B s3c_usbd_dn_addr
c3e3f160 B op_mode
c3e3f164 B s3c_usbd_dn_cnt
c3e3f168 B s3c_receive_done
c3e3f16c B speed
c3e3f170 B s3c_got_header
c3e3f174 B DNW
c3e3f178 B s5pc210_cpu_id
c3e3f17c B fboot_otg
c3e3f200 B fboot_remode_wakeup
c3e3f204 B fboot_get_status
c3e3f20a B fboot_config_value
c3e3f20c B fboot_get_intf
c3e3f210 B fboot_usbd_dn_addr
c3e3f214 B fboot_response_flag
c3e3f218 B reply_msg
c3e3f21c B fboot_op_mode
c3e3f220 B fboot_usbd_dn_cnt
c3e3f224 B fboot_receive_done
c3e3f228 B fboot_speed
c3e3f22c b device_strings
c3e3f234 b serial_number.4860
c3e3f254 b fastboot_interface
c3e3f258 b fastboot_bulk_fifo
c3e3f45c B transfer_size
c3e3f460 B fboot_got_header
c3e3f464 B tx_msg_buf
c3e3f468 B total_dn_size
c3e3f46c B Is_TC4_Dvt
c3e3f470 b GPIO_pBase
c3e3f474 B g_IntCnt
c3e3f478 B sclk_mmc4
c3e3f47c b params
c3e3f480 b part_offset
c3e3f484 b cur_dev
c3e3f488 B get_vfatname_block
c3e4f488 B do_fat_read_block
c3e5f488 B get_dentfromdir_block
c3e6f488 B ext2fs_root
c3e6f48c B ext2fs_file
c3e6f490 B indir1_block
c3e6f494 B indir1_size
c3e6f498 B indir2_block
c3e6f49c B indir2_size
c3e6f4a0 B symlinknest
c3e6f4a4 b part_info
c3e6f4f0 b ext2fs_block_dev_desc
c3e6f4f8 B mmc_host
c3e6f610 B emmc_bit_pre
c3e6f614 B emmc_mode_pre
c3e6f618 B emmc_clock_pre
c3e6f61c b idmac_desc
c3f6f61c B mmc_channel
c3f6fb80 B mshc_host
c3f6fc98 A _end
